C:\Users\Admin\Documents\NetBeansProjects\Nursery\src\main\java\com\ecommerce\nursery\entity\Category.java
C:\Users\Admin\Documents\NetBeansProjects\Nursery\src\main\java\com\ecommerce\nursery\controller\RegisterServlet.java
C:\Users\Admin\Documents\NetBeansProjects\Nursery\src\main\java\com\ecommerce\nursery\controller\OrderServlet.java
C:\Users\Admin\Documents\NetBeansProjects\Nursery\src\main\java\com\ecommerce\nursery\dao\ProductDao.java
C:\Users\Admin\Documents\NetBeansProjects\Nursery\src\main\java\com\ecommerce\nursery\helper\FactoryProvider.java
C:\Users\Admin\Documents\NetBeansProjects\Nursery\src\main\java\com\ecommerce\nursery\dao\CategoryDao.java
C:\Users\Admin\Documents\NetBeansProjects\Nursery\src\main\java\com\ecommerce\nursery\helper\Helper.java
C:\Users\Admin\Documents\NetBeansProjects\Nursery\src\main\java\com\ecommerce\nursery\controller\LoginServlet.java
C:\Users\Admin\Documents\NetBeansProjects\Nursery\src\main\java\com\ecommerce\nursery\dao\UserDao.java
C:\Users\Admin\Documents\NetBeansProjects\Nursery\src\main\java\com\ecommerce\nursery\entity\Product.java
C:\Users\Admin\Documents\NetBeansProjects\Nursery\src\main\java\com\ecommerce\nursery\controller\ProductOperationServlet.java
C:\Users\Admin\Documents\NetBeansProjects\Nursery\src\main\java\com\ecommerce\nursery\entity\User.java
C:\Users\Admin\Documents\NetBeansProjects\Nursery\src\main\java\com\ecommerce\nursery\controller\LogoutServlet.java
